// Jest Snapshot v1, https://goo.gl/fbAQLP

exports[`Pruebas en <Navbar /> debe mostrarse correctamente 1`] = `
<div
  className="navbar navbar-dark bg-dark mb-4"
>
  <span
    className="navbar-brand"
  >
    Serge
  </span>
  <button
    className="btn btn-outline-danger"
    onClick={[Function]}
  >
    <i
      className="fas fa-sign-out-alt"
    />
    <span>
       Salir
    </span>
  </button>
</div>
`;
